usage: prune_successful_gazebo_recordings.py [-h] [--data-root DATA_ROOT]
                                             [--cone-recording-root CONE_VIDEO_ROOT]
                                             [--cone-stress-root CONE_STRESS_ROOT]
                                             [--pre-navigation-root PRE_NAVIGATION_ROOT]
                                             [--fixed-cone-e2e-root FIXED_CONE_E2E_ROOT]
                                             [--pre-cone-root PRE_CONE_ROOT]
                                             [--logs-root LOGS_ROOT]
                                             [--run RUNS] [--apply] [--watch]
                                             [--interval INTERVAL]
prune_successful_gazebo_recordings.py: error: unrecognized arguments: script/logs/gazebo_cleanup_watch.log
usage: prune_successful_gazebo_recordings.py [-h] [--data-root DATA_ROOT]
                                             [--cone-recording-root CONE_VIDEO_ROOT]
                                             [--cone-stress-root CONE_STRESS_ROOT]
                                             [--pre-navigation-root PRE_NAVIGATION_ROOT]
                                             [--fixed-cone-e2e-root FIXED_CONE_E2E_ROOT]
                                             [--pre-cone-root PRE_CONE_ROOT]
                                             [--logs-root LOGS_ROOT]
                                             [--run RUNS] [--apply] [--watch]
                                             [--interval INTERVAL]
prune_successful_gazebo_recordings.py: error: unrecognized arguments: python3 script/prune_successful_gazebo_recordings.py   script/logs/gazebo_cleanup_watch.log
usage: prune_successful_gazebo_recordings.py [-h] [--data-root DATA_ROOT]
                                             [--cone-recording-root CONE_VIDEO_ROOT]
                                             [--cone-stress-root CONE_STRESS_ROOT]
                                             [--pre-navigation-root PRE_NAVIGATION_ROOT]
                                             [--fixed-cone-e2e-root FIXED_CONE_E2E_ROOT]
                                             [--pre-cone-root PRE_CONE_ROOT]
                                             [--logs-root LOGS_ROOT]
                                             [--run RUNS] [--apply] [--watch]
                                             [--interval INTERVAL]
prune_successful_gazebo_recordings.py: error: unrecognized arguments: script/logs/gazebo_cleanup_watch.log
